// Jest Snapshot v1, https://goo.gl/fbAQLP

exports[`Sing up form snapshot 1`] = `
Object {
  "asFragment": [Function],
  "baseElement": <body>
    <div>
      <form
        data-testid="singup-form"
      >
        <h2
          data-testid="title"
        >
          Sing Up
        </h2>
        <label>
          Name
          <input
            data-testid="name"
            name="name"
          />
        </label>
        <label>
          Email
          <input
            data-testid="email"
            name="email"
          />
        </label>
        <label>
          Password
          <input
            data-testid="password"
            name="password"
          />
        </label>
        <label>
          Repeat password
          <input
            data-testid="repeatPassword"
            name="repeatPassword"
          />
        </label>
        <button
          data-testid="button"
          type="submit"
        >
          Sing Up
        </button>
      </form>
    </div>
  </body>,
  "container": <div>
    <form
      data-testid="singup-form"
    >
      <h2
        data-testid="title"
      >
        Sing Up
      </h2>
      <label>
        Name
        <input
          data-testid="name"
          name="name"
        />
      </label>
      <label>
        Email
        <input
          data-testid="email"
          name="email"
        />
      </label>
      <label>
        Password
        <input
          data-testid="password"
          name="password"
        />
      </label>
      <label>
        Repeat password
        <input
          data-testid="repeatPassword"
          name="repeatPassword"
        />
      </label>
      <button
        data-testid="button"
        type="submit"
      >
        Sing Up
      </button>
    </form>
  </div>,
  "debug": [Function],
  "findAllByAltText": [Function],
  "findAllByDisplayValue": [Function],
  "findAllByLabelText": [Function],
  "findAllByPlaceholderText": [Function],
  "findAllByRole": [Function],
  "findAllByTestId": [Function],
  "findAllByText": [Function],
  "findAllByTitle": [Function],
  "findByAltText": [Function],
  "findByDisplayValue": [Function],
  "findByLabelText": [Function],
  "findByPlaceholderText": [Function],
  "findByRole": [Function],
  "findByTestId": [Function],
  "findByText": [Function],
  "findByTitle": [Function],
  "getAllByAltText": [Function],
  "getAllByDisplayValue": [Function],
  "getAllByLabelText": [Function],
  "getAllByPlaceholderText": [Function],
  "getAllByRole": [Function],
  "getAllByTestId": [Function],
  "getAllByText": [Function],
  "getAllByTitle": [Function],
  "getByAltText": [Function],
  "getByDisplayValue": [Function],
  "getByLabelText": [Function],
  "getByPlaceholderText": [Function],
  "getByRole": [Function],
  "getByTestId": [Function],
  "getByText": [Function],
  "getByTitle": [Function],
  "queryAllByAltText": [Function],
  "queryAllByDisplayValue": [Function],
  "queryAllByLabelText": [Function],
  "queryAllByPlaceholderText": [Function],
  "queryAllByRole": [Function],
  "queryAllByTestId": [Function],
  "queryAllByText": [Function],
  "queryAllByTitle": [Function],
  "queryByAltText": [Function],
  "queryByDisplayValue": [Function],
  "queryByLabelText": [Function],
  "queryByPlaceholderText": [Function],
  "queryByRole": [Function],
  "queryByTestId": [Function],
  "queryByText": [Function],
  "queryByTitle": [Function],
  "rerender": [Function],
  "unmount": [Function],
}
`;
